  00 00 00010000 00100000[0m
[0;32mI (92) boot: End of partition table[0m
[0;32mI (96) esp_image: segment 0: paddr=00010020 vaddr=3f400020 size=0da40h ( 55872) map[0m
[0;32mI (123) esp_image: segment 1: paddr=0001da68 vaddr=3ffb0000 size=0221ch (  8732) load[0m
[0;32mI (127) esp_image: segment 2: paddr=0001fc8c vaddr=40080000 size=0038ch (   908) load[0m
[0;32mI (130) esp_image: segment 3: paddr=00020020 vaddr=400d0020 size=1f25ch (127580) map[0m
[0;32mI (181) esp_image: segment 4: paddr=0003f284 vaddr=4008038c size=0c4b8h ( 50360) load[0m
[0;32mI (208) boot: Loaded app from partition at offset 0x10000[0m
[0;32mI (208) boot: Disabling RNG early entropy source...[0m
[0;32mI (219) cpu_start: Multicore app[0m
[0;32mI (228) cpu_start: Pro cpu start user code[0m
[0;32mI (228) cpu_start: cpu freq: 160000000 Hz[0m
[0;32mI (228) cpu_start: Application information:[0m
[0;32mI (231) cpu_start: Project name:     path_planner_benchmark[0m
[0;32mI (237) cpu_start: App version:      1[0m
[0;32mI (242) cpu_start: Compile time:     Aug  8 2026 11:57:02[0m
[0;32mI (248) cpu_start: ELF file SHA256:  34d0522f1...[0m
[0;32mI (253) cpu_start: ESP-IDF:          v5.2.2[0m
[0;32mI (258) cpu_start: Min chip rev:     v0.0[0m
[0;32mI (263) cpu_start: Max chip rev:     v3.99 [0m
[0;32mI (268) cpu_start: Chip rev:         v3.1[0m
[0;32mI (273) heap_init: Initializing. RAM available for dynamic allocation:[0m
[0;32mI (280) heap_init: At 3FFAE6E0 len 00001920 (6 KiB): DRAM[0m
[0;32mI (286) heap_init: At 3FFB2B90 len 0002D470 (181 KiB): DRAM[0m
[0;32mI (292) heap_init: At 3FFE0440 len 00003AE0 (14 KiB): D/IRAM[0m
[0;32mI (298) heap_init: At 3FFE4350 len 0001BCB0 (111 KiB): D/IRAM[0m
[0;32mI (305) heap_init: At 4008C844 len 000137BC (77 KiB): IRAM[0m
[0;32mI (312) spi_flash: detected chip: generic[0m
[0;32mI (315) spi_flash: flash io: dio[0m
[0;33mW (319) spi_flash: Detected size(4096k) larger than the size in the binary image header(2048k). Using the size in the binary image header.[0m
[0;32mI (333) main_task: Started on CPU0[0m
[0;32mI (343) main_task: Calling app_main()[0m
[0;32mI (343) path_benchmark: csv_header,experiment_id,planner,phase,grid_width,grid_height,density,update_mode,map_id,seed,repetition,warmup,status,success,path_cost,expanded_nodes,elapsed_us,free_heap_before,free_heap_after,since_boot_minimum_free_heap_before,since_boot_minimum_free_heap_after,failed_alloc_bytes,failure_stage,failure_reason,update_x,update_y,psram_enabled,cpu_frequency_mhz,esp_idf_version,firmware_git_commit[0m
[0;32mI (373) path_benchmark: profile,planner=DStarLite,scenario=dynamic_100x100_density20,instance_start=3,instance_count=1,warmups=1,measurements=3,experiment_id=esp32_20260808T132117Z_DStarLite_dynamic_100x100_density20_i3,firmware_git_commit=unavailable,psram_enabled=0,cpu_frequency_mhz=160,esp_idf_version=v5.2.2[0m
[0;32mI (3263) path_benchmark: csv,esp32_20260808T132117Z_DStarLite_dynamic_100x100_density20_i3,DStarLite,initial,100,100,20,path_blocking,esp32_dynamic_100x100_density20_i3,7823,0,0,OK,1,1452,888,767108,259428,171404,88588,88588,0,none,none,48,54,0,160,v5.2.2,unavailable[0m
[0;32mI (3743) path_benchmark: csv,esp32_20260808T132117Z_DStarLite_dynamic_100x100_density20_i3,DStarLite,repair,100,100,20,path_blocking,esp32_dynamic_100x100_density20_i3,7823,0,0,OK,1,1458,1395,463503,172432,154596,88588,88588,0,none,none,48,54,0,160,v5.2.2,unavailable[0m
[0;32mI (4963) path_benchmark: csv,esp32_20260808T132117Z_DStarLite_dynamic_100x100_density20_i3,DStarLite,initial,100,100,20,path_blocking,esp32_dynamic_100x100_density20_i3,7823,1,0,OK,1,1452,888,767172,259428,171404,88588,88588,0,none,none,48,54,0,160,v5.2.2,unavailable[0m
[0;32mI (5443) path_benchmark: csv,esp32_20260808T132117Z_DStarLite_dynamic_100x100_density20_i3,DStarLite,repair,100,100,20,path_blocking,esp32_dynamic_100x100_density20_i3,7823,1,0,OK,1,1458,1395,463504,172432,154596,88588,88588,0,none,none,48,54,0,160,v5.2.2,unavailable[0m
[0;32mI (6663) path_benchmark: csv,esp32_20260808T132117Z_DStarLite_dynamic_100x100_density20_i3,DStarLite,initial,100,100,20,path_blocking,esp32_dynamic_100x100_density20_i3,7823,2,0,OK,1,1452,888,767174,259428,171404,88588,88588,0,none,none,48,54,0,160,v5.2.2,unavailable[0m
[0;32mI (7143) path_benchmark: csv,esp32_20260808T132117Z_DStarLite_dynamic_100x100_density20_i3,DStarLite,repair,100,100,20,path_blocking,esp32_dynamic_100x100_density20_i3,7823,2,0,OK,1,1458,1395,463512,172432,154596,88588,88588,0,none,none,48,54,0,160,v5.2.2,unavailable[0m
planner_scenario_complete
